Git is a distributed version control system.
Git is free software.

Git is free software.Git is free software.Git is free software.
asdsadsadasdsadasdasqqqqqqqqqqqqqqqqqqqqqqqq